c:\users\lup22vs\desktop\crosscon\api_demo\zip_imported\lpc55s69_psa_demonstrator\mbedtls\include\psa\crypto_values.h:2139:19:mbedtls_svc_key_id_is_null	16	static
c:\users\lup22vs\desktop\crosscon\api_demo\zip_imported\lpc55s69_psa_demonstrator\mbedtls\include\psa\crypto_struct.h:360:36:psa_get_key_id	16	static
c:\users\lup22vs\desktop\crosscon\api_demo\zip_imported\lpc55s69_psa_demonstrator\mbedtls\include\psa\crypto_struct.h:388:34:psa_get_key_lifetime	16	static
c:\users\lup22vs\desktop\crosscon\api_demo\zip_imported\lpc55s69_psa_demonstrator\mbedtls\include\psa\crypto_struct.h:394:20:psa_extend_key_usage_flags	16	static
c:\users\lup22vs\desktop\crosscon\api_demo\zip_imported\lpc55s69_psa_demonstrator\mbedtls\include\psa\crypto_struct.h:403:20:psa_set_key_usage_flags	16	static
c:\users\lup22vs\desktop\crosscon\api_demo\zip_imported\lpc55s69_psa_demonstrator\mbedtls\include\psa\crypto_struct.h:435:20:psa_set_key_type	16	static
c:\users\lup22vs\desktop\crosscon\api_demo\zip_imported\lpc55s69_psa_demonstrator\mbedtls\include\psa\crypto_struct.h:453:30:psa_get_key_type	16	static
c:\users\lup22vs\desktop\crosscon\api_demo\zip_imported\lpc55s69_psa_demonstrator\mbedtls\include\psa\crypto_struct.h:459:20:psa_set_key_bits	16	static
c:\users\lup22vs\desktop\crosscon\api_demo\zip_imported\lpc55s69_psa_demonstrator\mbedtls\include\psa\crypto_struct.h:468:22:psa_get_key_bits	16	static
c:\users\lup22vs\desktop\crosscon\api_demo\zip_imported\lpc55s69_psa_demonstrator\mbedtls\include\psa\crypto_extra.h:587:32:mbedtls_ecc_group_to_psa	16	static
C:/Users/lup22vs/Desktop/CROSSCON/api_demo/zip_imported/LPC55S69_PSA_demonstrator/mbedtls/library/psa_crypto_core.h:41:19:mbedtls_psa_safer_memcmp	32	static
C:/Users/lup22vs/Desktop/CROSSCON/api_demo/zip_imported/LPC55S69_PSA_demonstrator/mbedtls/library/psa_crypto_slot_management.h:180:19:psa_key_lifetime_is_external	16	static
C:/Users/lup22vs/Desktop/CROSSCON/api_demo/zip_imported/LPC55S69_PSA_demonstrator/mbedtls/library/psa_crypto_random_impl.h:92:20:mbedtls_psa_drbg_init	16	static
C:/Users/lup22vs/Desktop/CROSSCON/api_demo/zip_imported/LPC55S69_PSA_demonstrator/mbedtls/library/psa_crypto_random_impl.h:105:20:mbedtls_psa_drbg_free	16	static
C:/Users/lup22vs/Desktop/CROSSCON/api_demo/zip_imported/LPC55S69_PSA_demonstrator/mbedtls/library/psa_crypto_random_impl.h:183:19:mbedtls_psa_drbg_seed	32	static
C:/Users/lup22vs/Desktop/CROSSCON/api_demo/zip_imported/LPC55S69_PSA_demonstrator/mbedtls/library/psa_crypto.c:99:12:key_type_is_raw_bytes	16	static
C:/Users/lup22vs/Desktop/CROSSCON/api_demo/zip_imported/LPC55S69_PSA_demonstrator/mbedtls/library/psa_crypto.c:127:14:mbedtls_to_psa_error	24	static
C:/Users/lup22vs/Desktop/CROSSCON/api_demo/zip_imported/LPC55S69_PSA_demonstrator/mbedtls/library/psa_crypto.c:393:22:mbedtls_ecc_group_of_psa	24	static
C:/Users/lup22vs/Desktop/CROSSCON/api_demo/zip_imported/LPC55S69_PSA_demonstrator/mbedtls/library/psa_crypto.c:493:21:validate_unstructured_key_bit_size	16	static
C:/Users/lup22vs/Desktop/CROSSCON/api_demo/zip_imported/LPC55S69_PSA_demonstrator/mbedtls/library/psa_crypto.c:562:38:psa_mac_key_can_do	16	static
C:/Users/lup22vs/Desktop/CROSSCON/api_demo/zip_imported/LPC55S69_PSA_demonstrator/mbedtls/library/psa_crypto.c:589:14:psa_allocate_buffer_to_slot	16	static
C:/Users/lup22vs/Desktop/CROSSCON/api_demo/zip_imported/LPC55S69_PSA_demonstrator/mbedtls/library/psa_crypto.c:603:14:psa_copy_key_material_into_slot	32	static
C:/Users/lup22vs/Desktop/CROSSCON/api_demo/zip_imported/LPC55S69_PSA_demonstrator/mbedtls/library/psa_crypto.c:616:14:psa_import_key_into_slot	48	static
C:/Users/lup22vs/Desktop/CROSSCON/api_demo/zip_imported/LPC55S69_PSA_demonstrator/mbedtls/library/psa_crypto.c:688:24:psa_key_policy_algorithm_intersection	48	static
C:/Users/lup22vs/Desktop/CROSSCON/api_demo/zip_imported/LPC55S69_PSA_demonstrator/mbedtls/library/psa_crypto.c:791:12:psa_key_algorithm_permits	32	static
C:/Users/lup22vs/Desktop/CROSSCON/api_demo/zip_imported/LPC55S69_PSA_demonstrator/mbedtls/library/psa_crypto.c:892:21:psa_key_policy_permits	24	static
C:/Users/lup22vs/Desktop/CROSSCON/api_demo/zip_imported/LPC55S69_PSA_demonstrator/mbedtls/library/psa_crypto.c:929:21:psa_restrict_key_policy	32	static
C:/Users/lup22vs/Desktop/CROSSCON/api_demo/zip_imported/LPC55S69_PSA_demonstrator/mbedtls/library/psa_crypto.c:963:21:psa_get_and_lock_key_slot_with_policy	32	static
C:/Users/lup22vs/Desktop/CROSSCON/api_demo/zip_imported/LPC55S69_PSA_demonstrator/mbedtls/library/psa_crypto.c:1022:21:psa_get_and_lock_transparent_key_slot_with_policy	32	static
C:/Users/lup22vs/Desktop/CROSSCON/api_demo/zip_imported/LPC55S69_PSA_demonstrator/mbedtls/library/psa_crypto.c:1043:14:psa_remove_key_data_from_memory	16	static
C:/Users/lup22vs/Desktop/CROSSCON/api_demo/zip_imported/LPC55S69_PSA_demonstrator/mbedtls/library/psa_crypto.c:1059:14:psa_wipe_key_slot	24	static
C:/Users/lup22vs/Desktop/CROSSCON/api_demo/zip_imported/LPC55S69_PSA_demonstrator/mbedtls/library/psa_crypto.c:1090:14:psa_destroy_key	32	static
C:/Users/lup22vs/Desktop/CROSSCON/api_demo/zip_imported/LPC55S69_PSA_demonstrator/mbedtls/library/psa_crypto.c:1208:21:psa_get_rsa_public_exponent	48	static
C:/Users/lup22vs/Desktop/CROSSCON/api_demo/zip_imported/LPC55S69_PSA_demonstrator/mbedtls/library/psa_crypto.c:1252:14:psa_get_key_attributes	40	static
C:/Users/lup22vs/Desktop/CROSSCON/api_demo/zip_imported/LPC55S69_PSA_demonstrator/mbedtls/library/psa_crypto.c:1333:21:psa_export_key_buffer_internal	24	static
C:/Users/lup22vs/Desktop/CROSSCON/api_demo/zip_imported/LPC55S69_PSA_demonstrator/mbedtls/library/psa_crypto.c:1348:14:psa_export_key_internal	40	static
C:/Users/lup22vs/Desktop/CROSSCON/api_demo/zip_imported/LPC55S69_PSA_demonstrator/mbedtls/library/psa_crypto.c:1372:14:psa_export_key	88	static
C:/Users/lup22vs/Desktop/CROSSCON/api_demo/zip_imported/LPC55S69_PSA_demonstrator/mbedtls/library/psa_crypto.c:1414:14:psa_export_public_key_internal	40	static
C:/Users/lup22vs/Desktop/CROSSCON/api_demo/zip_imported/LPC55S69_PSA_demonstrator/mbedtls/library/psa_crypto.c:1476:14:psa_export_public_key	88	static
C:/Users/lup22vs/Desktop/CROSSCON/api_demo/zip_imported/LPC55S69_PSA_demonstrator/mbedtls/library/psa_crypto.c:1536:21:psa_validate_key_policy	16	static
C:/Users/lup22vs/Desktop/CROSSCON/api_demo/zip_imported/LPC55S69_PSA_demonstrator/mbedtls/library/psa_crypto.c:1565:21:psa_validate_key_attributes	32	static
C:/Users/lup22vs/Desktop/CROSSCON/api_demo/zip_imported/LPC55S69_PSA_demonstrator/mbedtls/library/psa_crypto.c:1640:21:psa_start_key_creation	48	static
C:/Users/lup22vs/Desktop/CROSSCON/api_demo/zip_imported/LPC55S69_PSA_demonstrator/mbedtls/library/psa_crypto.c:1771:21:psa_finish_key_creation	32	static
C:/Users/lup22vs/Desktop/CROSSCON/api_demo/zip_imported/LPC55S69_PSA_demonstrator/mbedtls/library/psa_crypto.c:1854:13:psa_fail_key_creation	16	static
C:/Users/lup22vs/Desktop/CROSSCON/api_demo/zip_imported/LPC55S69_PSA_demonstrator/mbedtls/library/psa_crypto.c:1891:21:psa_validate_optional_attributes	64	static
C:/Users/lup22vs/Desktop/CROSSCON/api_demo/zip_imported/LPC55S69_PSA_demonstrator/mbedtls/library/psa_crypto.c:1957:14:psa_import_key	56	static
C:/Users/lup22vs/Desktop/CROSSCON/api_demo/zip_imported/LPC55S69_PSA_demonstrator/mbedtls/library/psa_crypto.c:2055:21:psa_copy_key_material	24	static
C:/Users/lup22vs/Desktop/CROSSCON/api_demo/zip_imported/LPC55S69_PSA_demonstrator/mbedtls/library/psa_crypto.c:2070:14:psa_copy_key	88	static
C:/Users/lup22vs/Desktop/CROSSCON/api_demo/zip_imported/LPC55S69_PSA_demonstrator/mbedtls/library/psa_crypto.c:2144:14:psa_hash_abort	24	static
C:/Users/lup22vs/Desktop/CROSSCON/api_demo/zip_imported/LPC55S69_PSA_demonstrator/mbedtls/library/psa_crypto.c:2156:14:psa_hash_setup	24	static
C:/Users/lup22vs/Desktop/CROSSCON/api_demo/zip_imported/LPC55S69_PSA_demonstrator/mbedtls/library/psa_crypto.c:2187:14:psa_hash_update	32	static
C:/Users/lup22vs/Desktop/CROSSCON/api_demo/zip_imported/LPC55S69_PSA_demonstrator/mbedtls/library/psa_crypto.c:2213:14:psa_hash_finish	32	static
C:/Users/lup22vs/Desktop/CROSSCON/api_demo/zip_imported/LPC55S69_PSA_demonstrator/mbedtls/library/psa_crypto.c:2228:14:psa_hash_verify	96	static
C:/Users/lup22vs/Desktop/CROSSCON/api_demo/zip_imported/LPC55S69_PSA_demonstrator/mbedtls/library/psa_crypto.c:2259:14:psa_hash_compute	32	static
C:/Users/lup22vs/Desktop/CROSSCON/api_demo/zip_imported/LPC55S69_PSA_demonstrator/mbedtls/library/psa_crypto.c:2272:14:psa_hash_compare	104	static
C:/Users/lup22vs/Desktop/CROSSCON/api_demo/zip_imported/LPC55S69_PSA_demonstrator/mbedtls/library/psa_crypto.c:2301:14:psa_hash_clone	24	static
C:/Users/lup22vs/Desktop/CROSSCON/api_demo/zip_imported/LPC55S69_PSA_demonstrator/mbedtls/library/psa_crypto.c:2323:14:psa_mac_abort	24	static
C:/Users/lup22vs/Desktop/CROSSCON/api_demo/zip_imported/LPC55S69_PSA_demonstrator/mbedtls/library/psa_crypto.c:2337:21:psa_mac_finalize_alg_and_key_validation	40	static
C:/Users/lup22vs/Desktop/CROSSCON/api_demo/zip_imported/LPC55S69_PSA_demonstrator/mbedtls/library/psa_crypto.c:2391:21:psa_mac_setup	88	static
C:/Users/lup22vs/Desktop/CROSSCON/api_demo/zip_imported/LPC55S69_PSA_demonstrator/mbedtls/library/psa_crypto.c:2452:14:psa_mac_sign_setup	24	static
C:/Users/lup22vs/Desktop/CROSSCON/api_demo/zip_imported/LPC55S69_PSA_demonstrator/mbedtls/library/psa_crypto.c:2459:14:psa_mac_verify_setup	24	static
C:/Users/lup22vs/Desktop/CROSSCON/api_demo/zip_imported/LPC55S69_PSA_demonstrator/mbedtls/library/psa_crypto.c:2466:14:psa_mac_update	32	static
C:/Users/lup22vs/Desktop/CROSSCON/api_demo/zip_imported/LPC55S69_PSA_demonstrator/mbedtls/library/psa_crypto.c:2486:14:psa_mac_sign_finish	32	static
C:/Users/lup22vs/Desktop/CROSSCON/api_demo/zip_imported/LPC55S69_PSA_demonstrator/mbedtls/library/psa_crypto.c:2546:14:psa_mac_verify_finish	32	static
C:/Users/lup22vs/Desktop/CROSSCON/api_demo/zip_imported/LPC55S69_PSA_demonstrator/mbedtls/library/psa_crypto.c:2580:21:psa_mac_compute_internal	112	static
C:/Users/lup22vs/Desktop/CROSSCON/api_demo/zip_imported/LPC55S69_PSA_demonstrator/mbedtls/library/psa_crypto.c:2644:14:psa_mac_compute	40	static
C:/Users/lup22vs/Desktop/CROSSCON/api_demo/zip_imported/LPC55S69_PSA_demonstrator/mbedtls/library/psa_crypto.c:2657:14:psa_mac_verify	112	static
C:/Users/lup22vs/Desktop/CROSSCON/api_demo/zip_imported/LPC55S69_PSA_demonstrator/mbedtls/library/psa_crypto.c:2696:21:psa_sign_verify_check_alg	16	static
C:/Users/lup22vs/Desktop/CROSSCON/api_demo/zip_imported/LPC55S69_PSA_demonstrator/mbedtls/library/psa_crypto.c:2719:21:psa_sign_internal	104	static
C:/Users/lup22vs/Desktop/CROSSCON/api_demo/zip_imported/LPC55S69_PSA_demonstrator/mbedtls/library/psa_crypto.c:2799:21:psa_verify_internal	96	static
C:/Users/lup22vs/Desktop/CROSSCON/api_demo/zip_imported/LPC55S69_PSA_demonstrator/mbedtls/library/psa_crypto.c:2849:14:psa_sign_message_builtin	120	static
C:/Users/lup22vs/Desktop/CROSSCON/api_demo/zip_imported/LPC55S69_PSA_demonstrator/mbedtls/library/psa_crypto.c:2884:14:psa_sign_message	40	static
C:/Users/lup22vs/Desktop/CROSSCON/api_demo/zip_imported/LPC55S69_PSA_demonstrator/mbedtls/library/psa_crypto.c:2897:14:psa_verify_message_builtin	112	static
C:/Users/lup22vs/Desktop/CROSSCON/api_demo/zip_imported/LPC55S69_PSA_demonstrator/mbedtls/library/psa_crypto.c:2931:14:psa_verify_message	40	static
C:/Users/lup22vs/Desktop/CROSSCON/api_demo/zip_imported/LPC55S69_PSA_demonstrator/mbedtls/library/psa_crypto.c:2943:14:psa_sign_hash_builtin	48	static
C:/Users/lup22vs/Desktop/CROSSCON/api_demo/zip_imported/LPC55S69_PSA_demonstrator/mbedtls/library/psa_crypto.c:3000:14:psa_sign_hash	40	static
C:/Users/lup22vs/Desktop/CROSSCON/api_demo/zip_imported/LPC55S69_PSA_demonstrator/mbedtls/library/psa_crypto.c:3013:14:psa_verify_hash_builtin	40	static
C:/Users/lup22vs/Desktop/CROSSCON/api_demo/zip_imported/LPC55S69_PSA_demonstrator/mbedtls/library/psa_crypto.c:3069:14:psa_verify_hash	40	static
C:/Users/lup22vs/Desktop/CROSSCON/api_demo/zip_imported/LPC55S69_PSA_demonstrator/mbedtls/library/psa_crypto.c:3082:13:psa_rsa_oaep_set_padding_mode	32	static
C:/Users/lup22vs/Desktop/CROSSCON/api_demo/zip_imported/LPC55S69_PSA_demonstrator/mbedtls/library/psa_crypto.c:3092:14:psa_asymmetric_encrypt	64	static
C:/Users/lup22vs/Desktop/CROSSCON/api_demo/zip_imported/LPC55S69_PSA_demonstrator/mbedtls/library/psa_crypto.c:3206:14:psa_asymmetric_decrypt	64	static
C:/Users/lup22vs/Desktop/CROSSCON/api_demo/zip_imported/LPC55S69_PSA_demonstrator/mbedtls/library/psa_crypto.c:3326:21:psa_cipher_setup	96	static
C:/Users/lup22vs/Desktop/CROSSCON/api_demo/zip_imported/LPC55S69_PSA_demonstrator/mbedtls/library/psa_crypto.c:3395:14:psa_cipher_encrypt_setup	24	static
C:/Users/lup22vs/Desktop/CROSSCON/api_demo/zip_imported/LPC55S69_PSA_demonstrator/mbedtls/library/psa_crypto.c:3402:14:psa_cipher_decrypt_setup	24	static
C:/Users/lup22vs/Desktop/CROSSCON/api_demo/zip_imported/LPC55S69_PSA_demonstrator/mbedtls/library/psa_crypto.c:3409:14:psa_cipher_generate_iv	48	static
C:/Users/lup22vs/Desktop/CROSSCON/api_demo/zip_imported/LPC55S69_PSA_demonstrator/mbedtls/library/psa_crypto.c:3466:14:psa_cipher_set_iv	32	static
C:/Users/lup22vs/Desktop/CROSSCON/api_demo/zip_imported/LPC55S69_PSA_demonstrator/mbedtls/library/psa_crypto.c:3502:14:psa_cipher_update	40	static
C:/Users/lup22vs/Desktop/CROSSCON/api_demo/zip_imported/LPC55S69_PSA_demonstrator/mbedtls/library/psa_crypto.c:3537:14:psa_cipher_finish	32	static
C:/Users/lup22vs/Desktop/CROSSCON/api_demo/zip_imported/LPC55S69_PSA_demonstrator/mbedtls/library/psa_crypto.c:3573:14:psa_cipher_abort	16	static
C:/Users/lup22vs/Desktop/CROSSCON/api_demo/zip_imported/LPC55S69_PSA_demonstrator/mbedtls/library/psa_crypto.c:3592:14:psa_cipher_encrypt	136	static
C:/Users/lup22vs/Desktop/CROSSCON/api_demo/zip_imported/LPC55S69_PSA_demonstrator/mbedtls/library/psa_crypto.c:3665:14:psa_cipher_decrypt	104	static
C:/Users/lup22vs/Desktop/CROSSCON/api_demo/zip_imported/LPC55S69_PSA_demonstrator/mbedtls/library/psa_crypto.c:3720:14:psa_aead_encrypt	120	static
C:/Users/lup22vs/Desktop/CROSSCON/api_demo/zip_imported/LPC55S69_PSA_demonstrator/mbedtls/library/psa_crypto.c:3765:14:psa_aead_decrypt	120	static
C:/Users/lup22vs/Desktop/CROSSCON/api_demo/zip_imported/LPC55S69_PSA_demonstrator/mbedtls/library/psa_crypto.c:3823:21:psa_key_derivation_start_hmac	72	static
C:/Users/lup22vs/Desktop/CROSSCON/api_demo/zip_imported/LPC55S69_PSA_demonstrator/mbedtls/library/psa_crypto.c:3853:24:psa_key_derivation_get_kdf_alg	16	static
C:/Users/lup22vs/Desktop/CROSSCON/api_demo/zip_imported/LPC55S69_PSA_demonstrator/mbedtls/library/psa_crypto.c:3862:14:psa_key_derivation_abort	24	static
C:/Users/lup22vs/Desktop/CROSSCON/api_demo/zip_imported/LPC55S69_PSA_demonstrator/mbedtls/library/psa_crypto.c:3923:14:psa_key_derivation_get_capacity	16	static
C:/Users/lup22vs/Desktop/CROSSCON/api_demo/zip_imported/LPC55S69_PSA_demonstrator/mbedtls/library/psa_crypto.c:3936:14:psa_key_derivation_set_capacity	16	static
C:/Users/lup22vs/Desktop/CROSSCON/api_demo/zip_imported/LPC55S69_PSA_demonstrator/mbedtls/library/psa_crypto.c:3950:21:psa_key_derivation_hkdf_read	40	static
C:/Users/lup22vs/Desktop/CROSSCON/api_demo/zip_imported/LPC55S69_PSA_demonstrator/mbedtls/library/psa_crypto.c:4025:21:psa_key_derivation_tls12_prf_generate_next_block	424	static
C:/Users/lup22vs/Desktop/CROSSCON/api_demo/zip_imported/LPC55S69_PSA_demonstrator/mbedtls/library/psa_crypto.c:4135:21:psa_key_derivation_tls12_prf_read	40	static
C:/Users/lup22vs/Desktop/CROSSCON/api_demo/zip_imported/LPC55S69_PSA_demonstrator/mbedtls/library/psa_crypto.c:4187:14:psa_key_derivation_output_bytes	40	static
C:/Users/lup22vs/Desktop/CROSSCON/api_demo/zip_imported/LPC55S69_PSA_demonstrator/mbedtls/library/psa_crypto.c:4263:13:psa_des_set_key_parity	16	static
C:/Users/lup22vs/Desktop/CROSSCON/api_demo/zip_imported/LPC55S69_PSA_demonstrator/mbedtls/library/psa_crypto.c:4274:21:psa_generate_derived_key_internal	96	static
C:/Users/lup22vs/Desktop/CROSSCON/api_demo/zip_imported/LPC55S69_PSA_demonstrator/mbedtls/library/psa_crypto.c:4321:14:psa_key_derivation_output_key	40	static
C:/Users/lup22vs/Desktop/CROSSCON/api_demo/zip_imported/LPC55S69_PSA_demonstrator/mbedtls/library/psa_crypto.c:4372:12:is_kdf_alg_supported	16	static
C:/Users/lup22vs/Desktop/CROSSCON/api_demo/zip_imported/LPC55S69_PSA_demonstrator/mbedtls/library/psa_crypto.c:4389:21:psa_hash_try_support	256	static
C:/Users/lup22vs/Desktop/CROSSCON/api_demo/zip_imported/LPC55S69_PSA_demonstrator/mbedtls/library/psa_crypto.c:4397:21:psa_key_derivation_setup_kdf	32	static
C:/Users/lup22vs/Desktop/CROSSCON/api_demo/zip_imported/LPC55S69_PSA_demonstrator/mbedtls/library/psa_crypto.c:4434:21:psa_key_agreement_try_support	16	static
C:/Users/lup22vs/Desktop/CROSSCON/api_demo/zip_imported/LPC55S69_PSA_demonstrator/mbedtls/library/psa_crypto.c:4445:14:psa_key_derivation_setup	32	static
C:/Users/lup22vs/Desktop/CROSSCON/api_demo/zip_imported/LPC55S69_PSA_demonstrator/mbedtls/library/psa_crypto.c:4485:21:psa_hkdf_input	32	static
C:/Users/lup22vs/Desktop/CROSSCON/api_demo/zip_imported/LPC55S69_PSA_demonstrator/mbedtls/library/psa_crypto.c:4557:21:psa_tls12_prf_set_seed	24	static
C:/Users/lup22vs/Desktop/CROSSCON/api_demo/zip_imported/LPC55S69_PSA_demonstrator/mbedtls/library/psa_crypto.c:4579:21:psa_tls12_prf_set_key	24	static
C:/Users/lup22vs/Desktop/CROSSCON/api_demo/zip_imported/LPC55S69_PSA_demonstrator/mbedtls/library/psa_crypto.c:4601:21:psa_tls12_prf_set_label	24	static
C:/Users/lup22vs/Desktop/CROSSCON/api_demo/zip_imported/LPC55S69_PSA_demonstrator/mbedtls/library/psa_crypto.c:4623:21:psa_tls12_prf_input	24	static
C:/Users/lup22vs/Desktop/CROSSCON/api_demo/zip_imported/LPC55S69_PSA_demonstrator/mbedtls/library/psa_crypto.c:4644:21:psa_tls12_prf_psk_to_ms_set_key	296	static
C:/Users/lup22vs/Desktop/CROSSCON/api_demo/zip_imported/LPC55S69_PSA_demonstrator/mbedtls/library/psa_crypto.c:4678:21:psa_tls12_prf_psk_to_ms_input	24	static
C:/Users/lup22vs/Desktop/CROSSCON/api_demo/zip_imported/LPC55S69_PSA_demonstrator/mbedtls/library/psa_crypto.c:4703:12:psa_key_derivation_check_input_type	16	static
C:/Users/lup22vs/Desktop/CROSSCON/api_demo/zip_imported/LPC55S69_PSA_demonstrator/mbedtls/library/psa_crypto.c:4728:21:psa_key_derivation_input_internal	40	static
C:/Users/lup22vs/Desktop/CROSSCON/api_demo/zip_imported/LPC55S69_PSA_demonstrator/mbedtls/library/psa_crypto.c:4781:14:psa_key_derivation_input_bytes	32	static
C:/Users/lup22vs/Desktop/CROSSCON/api_demo/zip_imported/LPC55S69_PSA_demonstrator/mbedtls/library/psa_crypto.c:4792:14:psa_key_derivation_input_key	48	static
C:/Users/lup22vs/Desktop/CROSSCON/api_demo/zip_imported/LPC55S69_PSA_demonstrator/mbedtls/library/psa_crypto.c:4831:21:psa_key_agreement_ecdh	368	static
C:/Users/lup22vs/Desktop/CROSSCON/api_demo/zip_imported/LPC55S69_PSA_demonstrator/mbedtls/library/psa_crypto.c:4887:21:psa_key_agreement_raw_internal	48	static
C:/Users/lup22vs/Desktop/CROSSCON/api_demo/zip_imported/LPC55S69_PSA_demonstrator/mbedtls/library/psa_crypto.c:4932:21:psa_key_agreement_internal	120	static
C:/Users/lup22vs/Desktop/CROSSCON/api_demo/zip_imported/LPC55S69_PSA_demonstrator/mbedtls/library/psa_crypto.c:4966:14:psa_key_derivation_key_agreement	48	static
C:/Users/lup22vs/Desktop/CROSSCON/api_demo/zip_imported/LPC55S69_PSA_demonstrator/mbedtls/library/psa_crypto.c:5000:14:psa_raw_key_agreement	56	static
C:/Users/lup22vs/Desktop/CROSSCON/api_demo/zip_imported/LPC55S69_PSA_demonstrator/mbedtls/library/psa_crypto.c:5070:13:mbedtls_psa_random_init	16	static
C:/Users/lup22vs/Desktop/CROSSCON/api_demo/zip_imported/LPC55S69_PSA_demonstrator/mbedtls/library/psa_crypto.c:5100:13:mbedtls_psa_random_free	16	static
C:/Users/lup22vs/Desktop/CROSSCON/api_demo/zip_imported/LPC55S69_PSA_demonstrator/mbedtls/library/psa_crypto.c:5112:21:mbedtls_psa_random_seed	24	static
C:/Users/lup22vs/Desktop/CROSSCON/api_demo/zip_imported/LPC55S69_PSA_demonstrator/mbedtls/library/psa_crypto.c:5126:14:psa_generate_random	24	static
C:/Users/lup22vs/Desktop/CROSSCON/api_demo/zip_imported/LPC55S69_PSA_demonstrator/mbedtls/library/psa_crypto.c:5227:21:psa_validate_key_type_and_size_for_key_generation	24	static
C:/Users/lup22vs/Desktop/CROSSCON/api_demo/zip_imported/LPC55S69_PSA_demonstrator/mbedtls/library/psa_crypto.c:5268:14:psa_generate_key_internal	32	static
C:/Users/lup22vs/Desktop/CROSSCON/api_demo/zip_imported/LPC55S69_PSA_demonstrator/mbedtls/library/psa_crypto.c:5323:14:psa_generate_key	32	static
C:/Users/lup22vs/Desktop/CROSSCON/api_demo/zip_imported/LPC55S69_PSA_demonstrator/mbedtls/library/psa_crypto.c:5398:14:mbedtls_psa_crypto_configure_entropy_sources	16	static
C:/Users/lup22vs/Desktop/CROSSCON/api_demo/zip_imported/LPC55S69_PSA_demonstrator/mbedtls/library/psa_crypto.c:5410:6:mbedtls_psa_crypto_free	8	static
C:/Users/lup22vs/Desktop/CROSSCON/api_demo/zip_imported/LPC55S69_PSA_demonstrator/mbedtls/library/psa_crypto.c:5452:14:psa_crypto_init	16	static
