C:/Users/lup22vs/Desktop/CROSSCON/api_demo/zip_imported/LPC55S69_PSA_demonstrator/mbedtls/port/ksdk/ksdk_mbedtls.c:291:10:CRYPTO_InitHardware	8	static
C:/Users/lup22vs/Desktop/CROSSCON/api_demo/zip_imported/LPC55S69_PSA_demonstrator/mbedtls/port/ksdk/ksdk_mbedtls.c:4408:13:reverse_array	24	static
C:/Users/lup22vs/Desktop/CROSSCON/api_demo/zip_imported/LPC55S69_PSA_demonstrator/mbedtls/port/ksdk/ksdk_mbedtls.c:4424:12:mbedtls_mpi_exp_mod_shim	56	static
C:/Users/lup22vs/Desktop/CROSSCON/api_demo/zip_imported/LPC55S69_PSA_demonstrator/mbedtls/port/ksdk/ksdk_mbedtls.c:4470:5:mbedtls_rsa_public	48	static
C:/Users/lup22vs/Desktop/CROSSCON/api_demo/zip_imported/LPC55S69_PSA_demonstrator/mbedtls/port/ksdk/ksdk_mbedtls.c:5951:6:mbedtls_sha256_init	16	static
C:/Users/lup22vs/Desktop/CROSSCON/api_demo/zip_imported/LPC55S69_PSA_demonstrator/mbedtls/port/ksdk/ksdk_mbedtls.c:5958:6:mbedtls_sha256_free	16	static
C:/Users/lup22vs/Desktop/CROSSCON/api_demo/zip_imported/LPC55S69_PSA_demonstrator/mbedtls/port/ksdk/ksdk_mbedtls.c:5966:6:mbedtls_sha256_clone	16	static
C:/Users/lup22vs/Desktop/CROSSCON/api_demo/zip_imported/LPC55S69_PSA_demonstrator/mbedtls/port/ksdk/ksdk_mbedtls.c:5974:5:mbedtls_sha256_starts_ret	24	static
C:/Users/lup22vs/Desktop/CROSSCON/api_demo/zip_imported/LPC55S69_PSA_demonstrator/mbedtls/port/ksdk/ksdk_mbedtls.c:5988:5:mbedtls_internal_sha256_process	24	static
C:/Users/lup22vs/Desktop/CROSSCON/api_demo/zip_imported/LPC55S69_PSA_demonstrator/mbedtls/port/ksdk/ksdk_mbedtls.c:6002:5:mbedtls_sha256_update_ret	32	static
C:/Users/lup22vs/Desktop/CROSSCON/api_demo/zip_imported/LPC55S69_PSA_demonstrator/mbedtls/port/ksdk/ksdk_mbedtls.c:6016:5:mbedtls_sha256_finish_ret	24	static
C:/Users/lup22vs/Desktop/CROSSCON/api_demo/zip_imported/LPC55S69_PSA_demonstrator/mbedtls/port/ksdk/ksdk_mbedtls.c:6031:6:mbedtls_sha256_starts	16	static
C:/Users/lup22vs/Desktop/CROSSCON/api_demo/zip_imported/LPC55S69_PSA_demonstrator/mbedtls/port/ksdk/ksdk_mbedtls.c:6036:6:mbedtls_sha256_update	24	static
C:/Users/lup22vs/Desktop/CROSSCON/api_demo/zip_imported/LPC55S69_PSA_demonstrator/mbedtls/port/ksdk/ksdk_mbedtls.c:6041:6:mbedtls_sha256_finish	16	static
C:/Users/lup22vs/Desktop/CROSSCON/api_demo/zip_imported/LPC55S69_PSA_demonstrator/mbedtls/port/ksdk/ksdk_mbedtls.c:6046:6:mbedtls_sha256_process	16	static
C:/Users/lup22vs/Desktop/CROSSCON/api_demo/zip_imported/LPC55S69_PSA_demonstrator/mbedtls/port/ksdk/ksdk_mbedtls.c:6066:5:mbedtls_hardware_poll	32	static
